// Jest Snapshot v1, https://goo.gl/fbAQLP

exports[`renders housecard component correctly 1`] = `<housecard />`;
