// Jest Snapshot v1, https://goo.gl/fbAQLP

exports[`renders login component correctly 1`] = `<login />`;
