// Jest Snapshot v1, https://goo.gl/fbAQLP

exports[`renders registration component correctly 1`] = `<registration />`;
